
  .   ____          _            __ _ _
 /\\ / ___'_ __ _ _(_)_ __  __ _ \ \ \ \
( ( )\___ | '_ | '_| | '_ \/ _` | \ \ \ \
 \\/  ___)| |_)| | | | | || (_| |  ) ) ) )
  '  |____| .__|_| |_|_| |_\__, | / / / /
 =========|_|==============|___/=/_/_/_/

 :: Spring Boot ::                (v3.3.4)

2026-09-26T14:01:55.696-03:00  INFO 24204 --- [config-server] [           main] c.b.config.ConfigServerApplication       : Starting ConfigServerApplication v1.0.0 using Java 24 with PID 24204 (C:\Users\ffuen\Desktop\PBY2203_Exp3_S6_Grupo18\config-server\target\config-server.jar started by ffuen in C:\Users\ffuen\Desktop\PBY2203_Exp3_S6_Grupo18)
2026-09-26T14:01:55.702-03:00  INFO 24204 --- [config-server] [           main] c.b.config.ConfigServerApplication       : The following 1 profile is active: "native"
2026-09-26T14:01:57.269-03:00  INFO 24204 --- [config-server] [           main] o.s.cloud.context.scope.GenericScope     : BeanFactory id=c54c597d-0e6b-3b0d-a2e2-12425feaaae4
WARNING: A restricted method in java.lang.System has been called
WARNING: java.lang.System::load has been called by org.apache.tomcat.jni.Library in an unnamed module (jar:nested:/C:/Users/ffuen/Desktop/PBY2203_Exp3_S6_Grupo18/config-server/target/config-server.jar/!BOOT-INF/lib/tomcat-embed-core-10.1.30.jar!/)
WARNING: Use --enable-native-access=ALL-UNNAMED to avoid a warning for callers in this module
WARNING: Restricted methods will be blocked in a future release unless native access is enabled

2026-09-26T14:01:58.107-03:00  INFO 24204 --- [config-server] [           main] o.s.b.w.embedded.tomcat.TomcatWebServer  : Tomcat initialized with port 8888 (http)
2026-09-26T14:01:58.153-03:00  INFO 24204 --- [config-server] [           main] o.apache.catalina.core.StandardService   : Starting service [Tomcat]
2026-09-26T14:01:58.154-03:00  INFO 24204 --- [config-server] [           main] o.apache.catalina.core.StandardEngine    : Starting Servlet engine: [Apache Tomcat/10.1.30]
2026-09-26T14:01:58.224-03:00  INFO 24204 --- [config-server] [           main] o.a.c.c.C.[Tomcat].[localhost].[/]       : Initializing Spring embedded WebApplicationContext
2026-09-26T14:01:58.224-03:00  INFO 24204 --- [config-server] [           main] w.s.c.ServletWebServerApplicationContext : Root WebApplicationContext: initialization completed in 2459 ms
2026-09-26T14:02:00.157-03:00  INFO 24204 --- [config-server] [           main] o.s.cloud.commons.util.InetUtils         : Cannot determine local hostname
2026-09-26T14:02:00.381-03:00  INFO 24204 --- [config-server] [           main] o.s.b.w.embedded.tomcat.TomcatWebServer  : Tomcat started on port 8888 (http) with context path '/'
2026-09-26T14:02:00.576-03:00  INFO 24204 --- [config-server] [nio-8888-exec-1] o.a.c.c.C.[Tomcat].[localhost].[/]       : Initializing Spring DispatcherServlet 'dispatcherServlet'
2026-09-26T14:02:00.576-03:00  INFO 24204 --- [config-server] [nio-8888-exec-1] o.s.web.servlet.DispatcherServlet        : Initializing Servlet 'dispatcherServlet'
2026-09-26T14:02:00.576-03:00  INFO 24204 --- [config-server] [nio-8888-exec-1] o.s.web.servlet.DispatcherServlet        : Completed initialization in 0 ms
2026-09-26T14:02:00.638-03:00  INFO 24204 --- [config-server] [nio-8888-exec-1] o.s.c.c.s.e.NativeEnvironmentRepository  : Adding property source: Config resource 'class path resource [config-repo/core-service.yml]' via location 'classpath:/config-repo/'
2026-09-26T14:02:01.389-03:00  INFO 24204 --- [config-server] [           main] o.s.cloud.commons.util.InetUtils         : Cannot determine local hostname
2026-09-26T14:02:01.423-03:00  INFO 24204 --- [config-server] [           main] c.b.config.ConfigServerApplication       : Started ConfigServerApplication in 7.377 seconds (process running for 8.158)
2026-09-26T14:02:01.821-03:00  INFO 24204 --- [config-server] [nio-8888-exec-3] o.s.c.c.s.e.NativeEnvironmentRepository  : Adding property source: Config resource 'class path resource [config-repo/core-service.yml]' via location 'classpath:/config-repo/'
2026-09-26T14:02:02.953-03:00  INFO 24204 --- [config-server] [nio-8888-exec-4] o.s.c.c.s.e.NativeEnvironmentRepository  : Adding property source: Config resource 'class path resource [config-repo/core-service.yml]' via location 'classpath:/config-repo/'
2026-09-26T14:02:04.063-03:00  INFO 24204 --- [config-server] [nio-8888-exec-6] o.s.c.c.s.e.NativeEnvironmentRepository  : Adding property source: Config resource 'class path resource [config-repo/core-service.yml]' via location 'classpath:/config-repo/'
2026-09-26T14:02:05.193-03:00  INFO 24204 --- [config-server] [nio-8888-exec-8] o.s.c.c.s.e.NativeEnvironmentRepository  : Adding property source: Config resource 'class path resource [config-repo/core-service.yml]' via location 'classpath:/config-repo/'
2026-09-26T14:02:06.326-03:00  INFO 24204 --- [config-server] [io-8888-exec-10] o.s.c.c.s.e.NativeEnvironmentRepository  : Adding property source: Config resource 'class path resource [config-repo/core-service.yml]' via location 'classpath:/config-repo/'
2026-09-26T14:02:22.861-03:00  INFO 24204 --- [config-server] [nio-8888-exec-3] o.s.c.c.s.e.NativeEnvironmentRepository  : Adding property source: Config resource 'class path resource [config-repo/core-service.yml]' via location 'classpath:/config-repo/'
2026-09-26T14:02:37.099-03:00  INFO 24204 --- [config-server] [nio-8888-exec-2] o.s.c.c.s.e.NativeEnvironmentRepository  : Adding property source: Config resource 'class path resource [config-repo/bff-web.yml]' via location 'classpath:/config-repo/'
2026-09-26T14:02:53.124-03:00  INFO 24204 --- [config-server] [nio-8888-exec-4] o.s.c.c.s.e.NativeEnvironmentRepository  : Adding property source: Config resource 'class path resource [config-repo/bff-mobile.yml]' via location 'classpath:/config-repo/'
2026-09-26T14:03:08.521-03:00  INFO 24204 --- [config-server] [nio-8888-exec-5] o.s.c.c.s.e.NativeEnvironmentRepository  : Adding property source: Config resource 'class path resource [config-repo/bff-atm.yml]' via location 'classpath:/config-repo/'
2026-09-26T14:03:24.279-03:00  INFO 24204 --- [config-server] [nio-8888-exec-7] o.s.c.c.s.e.NativeEnvironmentRepository  : Adding property source: Config resource 'class path resource [config-repo/notificaciones-service.yml]' via location 'classpath:/config-repo/'
2026-09-26T14:03:38.399-03:00  INFO 24204 --- [config-server] [nio-8888-exec-9] o.s.c.c.s.e.NativeEnvironmentRepository  : Adding property source: Config resource 'class path resource [config-repo/notificaciones-service.yml]' via location 'classpath:/config-repo/'
