
=== 0. Login canal WEB (cuenta 101, 'John Doe') - se reutiliza para las 3 transferencias ===

=== 1. Transferencia EXITOSA: cuenta 101 -> cuenta 105, $500 ===
Saldo antes: cuenta 101 = 10000.0 | cuenta 105 = 9000.0
{
  "transferenciaId": "a5cc0df7-98c6-4b50-8a83-7fe4a967731b",
  "estado": "EN_PROCESO",
  "mensaje": "Transferencia recibida y en procesamiento. Consulte su estado con GET /api/web/transferencias/a5cc0df7-98c6-4b50-8a83-7fe4a967731b"
}
POST /transferencias -> HTTP 202 (se espera 202)
Esperando el resultado final de la saga...
{
  "transferenciaId": "a5cc0df7-98c6-4b50-8a83-7fe4a967731b",
  "cuentaOrigen": 101,
  "cuentaDestino": 105,
  "monto": 500.0,
  "estado": "COMPLETADA",
  "detalle": null
}
Estado final -> COMPLETADA (se espera COMPLETADA)
Saldo despues: cuenta 101 = 9500.0 (baja $500) | cuenta 105 = 9500.0 (sube $500)

=== 2. Transferencia RECHAZADA: fondos insuficientes en la cuenta origen ===
{
  "transferenciaId": "a493dcf5-7dfc-4043-87bb-5413e18270bb",
  "cuentaOrigen": 101,
  "cuentaDestino": 105,
  "monto": 999999999,
  "estado": "RECHAZADA",
  "detalle": "Saldo insuficiente en la cuenta origen (saldo=9500.0, solicitado=9.99999999E8)."
}
Estado final -> RECHAZADA (se espera RECHAZADA)
Saldo cuenta 101: antes=9500.0 despues=9500.0 (deben ser iguales: nunca se llego a debitar)

=== 3. Transferencia COMPENSADA: la cuenta destino no existe (se revierte el debito) ===
{
  "transferenciaId": "116d239b-5021-496a-822a-d1272301c297",
  "cuentaOrigen": 101,
  "cuentaDestino": 999999,
  "monto": 250.0,
  "estado": "COMPENSADA",
  "detalle": "La cuenta destino 999999 no existe; se revirtio el debito aplicado en la cuenta origen."
}
Estado final -> COMPENSADA (se espera COMPENSADA)
Saldo cuenta 101: antes=9500.0 despues=9500.0 (deben ser iguales: se debito $250 y la compensacion lo volvio a acreditar)

=== 4. Autorizacion: el token de la cuenta 101 no puede transferir DESDE la cuenta 105 ===
POST /api/web/cuentas/105/transferencias con token de la cuenta 101 -> HTTP 403 (se espera 403)

=== 5. Transferencias adicionales (para la evidencia de escalabilidad de notificaciones-service) ===
{"transferenciaId":"3e82ae8c-b975-4fba-8902-0465b4588fc5","estado":"EN_PROCESO","mensaje":"Transferencia recibida y en procesamiento. Consulte su estado con GET /api/web/transferencias/3e82ae8c-b975-4fba-8902-0465b4588fc5"}
{"transferenciaId":"97ae046e-a81e-4d84-8c4d-9ce641d3d571","estado":"EN_PROCESO","mensaje":"Transferencia recibida y en procesamiento. Consulte su estado con GET /api/web/transferencias/97ae046e-a81e-4d84-8c4d-9ce641d3d571"}
{"transferenciaId":"6ca32c0f-213b-44ff-800c-2248d7fc5e5a","estado":"EN_PROCESO","mensaje":"Transferencia recibida y en procesamiento. Consulte su estado con GET /api/web/transferencias/6ca32c0f-213b-44ff-800c-2248d7fc5e5a"}
Esperando unos segundos a que notificaciones-service procese los eventos generados...

=== Fin de las pruebas de transferencias ===
