
  .   ____          _            __ _ _
 /\\ / ___'_ __ _ _(_)_ __  __ _ \ \ \ \
( ( )\___ | '_ | '_| | '_ \/ _` | \ \ \ \
 \\/  ___)| |_)| | | | | || (_| |  ) ) ) )
  '  |____| .__|_| |_|_| |_\__, | / / / /
 =========|_|==============|___/=/_/_/_/

 :: Spring Boot ::                (v3.3.4)

2026-10-03 01:31:25.358 [main] INFO  com.bancoxyz.auth.AuthServerApplication - Starting AuthServerApplication v1.0.0 using Java 21.0.11 with PID 10709 (/home/user/PBY2203_Exp3_S6_Grupo18/auth-server/target/auth-server.jar started by root in /home/user/PBY2203_Exp3_S6_Grupo18)
2026-10-03 01:31:25.362 [main] INFO  com.bancoxyz.auth.AuthServerApplication - No active profile set, falling back to 1 default profile: "default"
2026-10-03 01:31:26.820 [main] INFO  o.s.boot.web.embedded.tomcat.TomcatWebServer - Tomcat initialized with port 9000 (http)
2026-10-03 01:31:26.842 [main] INFO  org.apache.catalina.core.StandardService - Starting service [Tomcat]
2026-10-03 01:31:26.843 [main] INFO  org.apache.catalina.core.StandardEngine - Starting Servlet engine: [Apache Tomcat/10.1.30]
2026-10-03 01:31:26.877 [main] INFO  o.a.c.c.C.[Tomcat].[localhost].[/] - Initializing Spring embedded WebApplicationContext
2026-10-03 01:31:26.879 [main] INFO  o.s.b.w.s.c.ServletWebServerApplicationContext - Root WebApplicationContext: initialization completed in 1442 ms
2026-10-03 01:31:27.417 [main] INFO  o.s.b.a.endpoint.web.EndpointLinksResolver - Exposing 1 endpoint beneath base path '/actuator'
2026-10-03 01:31:28.466 [main] INFO  o.s.boot.web.embedded.tomcat.TomcatWebServer - Tomcat started on port 9000 (http) with context path '/'
2026-10-03 01:31:28.549 [main] INFO  com.bancoxyz.auth.AuthServerApplication - Started AuthServerApplication in 3.745 seconds (process running for 4.347)
2026-10-03 01:31:28.608 [http-nio-9000-exec-1] INFO  o.a.c.c.C.[Tomcat].[localhost].[/] - Initializing Spring DispatcherServlet 'dispatcherServlet'
2026-10-03 01:31:28.609 [http-nio-9000-exec-1] INFO  o.s.web.servlet.DispatcherServlet - Initializing Servlet 'dispatcherServlet'
2026-10-03 01:31:28.611 [http-nio-9000-exec-1] INFO  o.s.web.servlet.DispatcherServlet - Completed initialization in 2 ms
2026-10-03 01:32:31.036 [http-nio-9000-exec-9] INFO  com.bancoxyz.auth.config.TokenConfig - Access token emitido: cliente=evidencia-cli grant=client_credentials scopes=[core.read]
2026-10-03 01:32:31.395 [http-nio-9000-exec-1] INFO  com.bancoxyz.auth.config.TokenConfig - Access token emitido: cliente=bff-mobile grant=client_credentials scopes=[core.read]
2026-10-03 01:32:31.525 [http-nio-9000-exec-2] INFO  com.bancoxyz.auth.config.TokenConfig - Access token emitido: cliente=bff-atm grant=client_credentials scopes=[core.read, core.write]
2026-10-03 01:32:32.005 [http-nio-9000-exec-8] INFO  com.bancoxyz.auth.config.TokenConfig - Access token emitido: cliente=evidencia-cli grant=client_credentials scopes=[core.read]
2026-10-03 01:32:32.273 [http-nio-9000-exec-10] INFO  com.bancoxyz.auth.config.TokenConfig - Access token emitido: cliente=bff-web grant=client_credentials scopes=[core.read]
2026-10-03 01:32:32.987 [http-nio-9000-exec-1] INFO  com.bancoxyz.auth.config.TokenConfig - Access token emitido: cliente=bff-mobile grant=client_credentials scopes=[core.read]
2026-10-03 01:32:33.590 [http-nio-9000-exec-2] INFO  com.bancoxyz.auth.config.TokenConfig - Access token emitido: cliente=bff-atm grant=client_credentials scopes=[core.read, core.write]
2026-10-03 01:32:34.500 [http-nio-9000-exec-3] INFO  com.bancoxyz.auth.config.TokenConfig - Access token emitido: cliente=evidencia-cli grant=client_credentials scopes=[core.read]
2026-10-03 01:32:34.619 [http-nio-9000-exec-5] INFO  com.bancoxyz.auth.config.TokenConfig - Access token emitido: cliente=evidencia-cli grant=client_credentials scopes=[core.read]
2026-10-03 01:32:36.778 [http-nio-9000-exec-7] INFO  com.bancoxyz.auth.config.TokenConfig - Access token emitido: cliente=evidencia-cli grant=client_credentials scopes=[core.read]
2026-10-03 01:32:36.889 [http-nio-9000-exec-8] INFO  com.bancoxyz.auth.config.TokenConfig - Access token emitido: cliente=evidencia-cli grant=client_credentials scopes=[core.read]
2026-10-03 01:32:37.006 [http-nio-9000-exec-9] INFO  com.bancoxyz.auth.config.TokenConfig - Access token emitido: cliente=evidencia-cli grant=client_credentials scopes=[core.read]
2026-10-03 01:32:37.235 [http-nio-9000-exec-10] INFO  com.bancoxyz.auth.config.TokenConfig - Access token emitido: cliente=evidencia-cli grant=client_credentials scopes=[core.read]
2026-10-03 01:32:37.344 [http-nio-9000-exec-2] INFO  com.bancoxyz.auth.config.TokenConfig - Access token emitido: cliente=evidencia-cli grant=client_credentials scopes=[core.read]
2026-10-03 01:32:37.564 [http-nio-9000-exec-4] INFO  com.bancoxyz.auth.config.TokenConfig - Access token emitido: cliente=evidencia-cli grant=client_credentials scopes=[core.read]
