
=== 0. Login canal WEB (cuenta 101, 'John Doe') - se reutiliza para las 3 transferencias ===

=== 1. Transferencia EXITOSA: cuenta 101 -> cuenta 105, $500 ===
Saldo antes: cuenta 101 = 10000.0 | cuenta 105 = 9000.0
{
  "transferenciaId": "5ab8d1e0-2591-4157-9321-059f0ea58482",
  "estado": "EN_PROCESO",
  "mensaje": "Transferencia recibida y en procesamiento. Consulte su estado con GET /api/web/transferencias/5ab8d1e0-2591-4157-9321-059f0ea58482"
}
POST /transferencias -> HTTP 202 (se espera 202)
Esperando el resultado final de la saga...
{
  "transferenciaId": "5ab8d1e0-2591-4157-9321-059f0ea58482",
  "cuentaOrigen": 101,
  "cuentaDestino": 105,
  "monto": 500.0,
  "estado": "COMPLETADA",
  "detalle": null
}
Estado final -> COMPLETADA (se espera COMPLETADA)
Saldo despues: cuenta 101 = 9500.0 (baja $500) | cuenta 105 = 9500.0 (sube $500)

=== 2. Transferencia RECHAZADA: fondos insuficientes en la cuenta origen ===
{
  "transferenciaId": "9d83efbc-9214-4804-9358-ff031f8c8500",
  "cuentaOrigen": 101,
  "cuentaDestino": 105,
  "monto": 999999999,
  "estado": "RECHAZADA",
  "detalle": "Saldo insuficiente en la cuenta origen (saldo=9500.0, solicitado=9.99999999E8)."
}
Estado final -> RECHAZADA (se espera RECHAZADA)
Saldo cuenta 101: antes=9500.0 despues=9500.0 (deben ser iguales: nunca se llego a debitar)

=== 3. Transferencia COMPENSADA: la cuenta destino no existe (se revierte el debito) ===
{
  "transferenciaId": "6f7e10f7-549e-490e-b3dc-d69d8e5e097f",
  "cuentaOrigen": 101,
  "cuentaDestino": 999999,
  "monto": 250.0,
  "estado": "COMPENSADA",
  "detalle": "La cuenta destino 999999 no existe; se revirtio el debito aplicado en la cuenta origen."
}
Estado final -> COMPENSADA (se espera COMPENSADA)
Saldo cuenta 101: antes=9500.0 despues=9500.0 (deben ser iguales: se debito $250 y la compensacion lo volvio a acreditar)

=== 4. Autorizacion: el token de la cuenta 101 no puede transferir DESDE la cuenta 105 ===
POST /api/web/cuentas/105/transferencias con token de la cuenta 101 -> HTTP 403 (se espera 403)

=== 5. Transferencias adicionales (para la evidencia de escalabilidad de notificaciones-service) ===
{"transferenciaId":"788aa2b8-6bc4-484a-af1a-d130df0f7e6a","estado":"EN_PROCESO","mensaje":"Transferencia recibida y en procesamiento. Consulte su estado con GET /api/web/transferencias/788aa2b8-6bc4-484a-af1a-d130df0f7e6a"}
{"transferenciaId":"bb5e43e8-a618-4acf-8656-e047c96cad09","estado":"EN_PROCESO","mensaje":"Transferencia recibida y en procesamiento. Consulte su estado con GET /api/web/transferencias/bb5e43e8-a618-4acf-8656-e047c96cad09"}
{"transferenciaId":"018f3348-0d49-478f-acf9-166a31879423","estado":"EN_PROCESO","mensaje":"Transferencia recibida y en procesamiento. Consulte su estado con GET /api/web/transferencias/018f3348-0d49-478f-acf9-166a31879423"}
Esperando unos segundos a que notificaciones-service procese los eventos generados...

=== Fin de las pruebas de transferencias ===
