bancoxyz-bff-mobile  | 
bancoxyz-bff-mobile  |   .   ____          _            __ _ _
bancoxyz-bff-mobile  |  /\\ / ___'_ __ _ _(_)_ __  __ _ \ \ \ \
bancoxyz-bff-mobile  | ( ( )\___ | '_ | '_| | '_ \/ _` | \ \ \ \
bancoxyz-bff-mobile  |  \\/  ___)| |_)| | | | | || (_| |  ) ) ) )
bancoxyz-bff-mobile  |   '  |____| .__|_| |_|_| |_\__, | / / / /
bancoxyz-bff-mobile  |  =========|_|==============|___/=/_/_/_/
bancoxyz-bff-mobile  | 
bancoxyz-bff-mobile  |  :: Spring Boot ::                (v3.3.4)
bancoxyz-bff-mobile  | 
bancoxyz-bff-mobile  | 2026-10-02 22:27:37.283 [main] INFO  com.bancoxyz.bff.mobile.BffMobileApplication - Starting BffMobileApplication v1.0.0 using Java 21.0.12.1 with PID 1 (/app/app.jar started by spring in /app)
bancoxyz-bff-mobile  | 2026-10-02 22:27:37.303 [main] INFO  com.bancoxyz.bff.mobile.BffMobileApplication - No active profile set, falling back to 1 default profile: "default"
bancoxyz-bff-mobile  | 2026-10-02 22:27:37.675 [main] INFO  o.s.c.c.client.ConfigServerConfigDataLoader - Fetching config from server at : http://config-server:8888
bancoxyz-bff-mobile  | 2026-10-02 22:27:37.675 [main] INFO  o.s.c.c.client.ConfigServerConfigDataLoader - Located environment: name=bff-mobile, profiles=[default], label=null, version=null, state=null
bancoxyz-bff-mobile  | 2026-10-02 22:27:45.094 [main] INFO  o.s.cloud.context.scope.GenericScope - BeanFactory id=1f652e09-ecd4-31fb-848b-4088af3c13c6
bancoxyz-bff-mobile  | 2026-10-02 22:27:48.723 [main] INFO  o.s.boot.web.embedded.tomcat.TomcatWebServer - Tomcat initialized with port 8082 (https)
bancoxyz-bff-mobile  | 2026-10-02 22:27:48.839 [main] INFO  org.apache.catalina.core.StandardService - Starting service [Tomcat]
bancoxyz-bff-mobile  | 2026-10-02 22:27:48.840 [main] INFO  org.apache.catalina.core.StandardEngine - Starting Servlet engine: [Apache Tomcat/10.1.30]
bancoxyz-bff-mobile  | 2026-10-02 22:27:49.659 [main] INFO  o.a.c.c.C.[Tomcat].[localhost].[/] - Initializing Spring embedded WebApplicationContext
bancoxyz-bff-mobile  | 2026-10-02 22:27:49.665 [main] INFO  o.s.b.w.s.c.ServletWebServerApplicationContext - Root WebApplicationContext: initialization completed in 11986 ms
bancoxyz-bff-mobile  | 2026-10-02 22:27:58.055 [main] INFO  o.s.c.n.e.c.DiscoveryClientOptionalArgsConfiguration - Eureka HTTP Client uses RestTemplate.
bancoxyz-bff-mobile  | 2026-10-02 22:27:58.520 [main] WARN  o.s.c.l.c.LoadBalancerCacheAutoConfiguration$LoadBalancerCaffeineWarnLogger - Spring Cloud LoadBalancer is currently working with the default cache. While this cache implementation is useful for development and tests, it's recommended to use Caffeine cache in production.You can switch to using Caffeine cache, by adding it and org.springframework.cache.caffeine.CaffeineCacheManager to the classpath.
bancoxyz-bff-mobile  | 2026-10-02 22:27:58.723 [main] INFO  o.s.cloud.netflix.eureka.InstanceInfoFactory - Setting initial instance status as: STARTING
bancoxyz-bff-mobile  | 2026-10-02 22:27:58.795 [main] INFO  com.netflix.discovery.DiscoveryClient - Initializing Eureka in region us-east-1
bancoxyz-bff-mobile  | 2026-10-02 22:27:58.810 [main] INFO  c.n.d.s.resolver.aws.ConfigClusterResolver - Resolving eureka endpoints via configuration
bancoxyz-bff-mobile  | 2026-10-02 22:27:58.826 [main] INFO  com.netflix.discovery.DiscoveryClient - Disable delta property : false
bancoxyz-bff-mobile  | 2026-10-02 22:27:58.826 [main] INFO  com.netflix.discovery.DiscoveryClient - Single vip registry refresh property : null
bancoxyz-bff-mobile  | 2026-10-02 22:27:58.826 [main] INFO  com.netflix.discovery.DiscoveryClient - Force full registry fetch : false
bancoxyz-bff-mobile  | 2026-10-02 22:27:58.826 [main] INFO  com.netflix.discovery.DiscoveryClient - Application is null : false
bancoxyz-bff-mobile  | 2026-10-02 22:27:58.826 [main] INFO  com.netflix.discovery.DiscoveryClient - Registered Applications size is zero : true
bancoxyz-bff-mobile  | 2026-10-02 22:27:58.826 [main] INFO  com.netflix.discovery.DiscoveryClient - Application version is -1: true
bancoxyz-bff-mobile  | 2026-10-02 22:27:58.826 [main] INFO  com.netflix.discovery.DiscoveryClient - Getting all instance registry info from the eureka server
bancoxyz-bff-mobile  | 2026-10-02 22:27:59.587 [main] INFO  com.netflix.discovery.DiscoveryClient - The response status is 200
bancoxyz-bff-mobile  | 2026-10-02 22:27:59.589 [main] INFO  com.netflix.discovery.DiscoveryClient - Starting heartbeat executor: renew interval is: 30
bancoxyz-bff-mobile  | 2026-10-02 22:27:59.591 [main] INFO  com.netflix.discovery.InstanceInfoReplicator - InstanceInfoReplicator onDemand update allowed rate per min is 4
bancoxyz-bff-mobile  | 2026-10-02 22:27:59.594 [main] INFO  com.netflix.discovery.DiscoveryClient - Discovery Client initialized at timestamp 1790990879594 with initial instances count: 3
bancoxyz-bff-mobile  | 2026-10-02 22:27:59.612 [main] INFO  o.s.c.n.e.s.EurekaServiceRegistry - Registering application BFF-MOBILE with eureka with status UP
bancoxyz-bff-mobile  | 2026-10-02 22:27:59.613 [main] INFO  com.netflix.discovery.DiscoveryClient - Saw local status change event StatusChangeEvent [timestamp=1790990879613, current=UP, previous=STARTING]
bancoxyz-bff-mobile  | 2026-10-02 22:27:59.625 [DiscoveryClient-InstanceInfoReplicator-%d] INFO  com.netflix.discovery.DiscoveryClient - DiscoveryClient_BFF-MOBILE/6b7bd5ffaee3:bff-mobile:8082: registering service...
bancoxyz-bff-mobile  | 2026-10-02 22:27:59.748 [DiscoveryClient-InstanceInfoReplicator-%d] INFO  com.netflix.discovery.DiscoveryClient - DiscoveryClient_BFF-MOBILE/6b7bd5ffaee3:bff-mobile:8082 - registration status: 204
bancoxyz-bff-mobile  | 2026-10-02 22:27:59.887 [main] INFO  o.a.tomcat.util.net.NioEndpoint.certificate - Connector [https-jsse-nio-8082], TLS virtual host [_default_], certificate type [UNDEFINED] configured from keystore [/home/spring/.keystore] using alias [bffmobile] with trust store [null]
bancoxyz-bff-mobile  | 2026-10-02 22:27:59.905 [main] INFO  o.s.boot.web.embedded.tomcat.TomcatWebServer - Tomcat started on port 8082 (https) with context path '/'
bancoxyz-bff-mobile  | 2026-10-02 22:27:59.906 [main] INFO  o.s.c.n.e.s.EurekaAutoServiceRegistration - Updating port to 8082
bancoxyz-bff-mobile  | 2026-10-02 22:27:59.989 [main] INFO  o.s.boot.web.embedded.tomcat.TomcatWebServer - Tomcat initialized with port 18082 (http)
bancoxyz-bff-mobile  | 2026-10-02 22:27:59.993 [main] INFO  org.apache.catalina.core.StandardService - Starting service [Tomcat]
bancoxyz-bff-mobile  | 2026-10-02 22:27:59.993 [main] INFO  org.apache.catalina.core.StandardEngine - Starting Servlet engine: [Apache Tomcat/10.1.30]
bancoxyz-bff-mobile  | 2026-10-02 22:27:59.995 [main] INFO  o.a.c.c.C.[Tomcat-1].[localhost].[/] - Initializing Spring embedded WebApplicationContext
bancoxyz-bff-mobile  | 2026-10-02 22:27:59.996 [main] INFO  o.s.b.w.s.c.ServletWebServerApplicationContext - Root WebApplicationContext: initialization completed in 86 ms
bancoxyz-bff-mobile  | 2026-10-02 22:28:00.040 [main] INFO  o.s.b.a.endpoint.web.EndpointLinksResolver - Exposing 3 endpoints beneath base path '/actuator'
bancoxyz-bff-mobile  | 2026-10-02 22:28:00.119 [main] INFO  o.s.boot.web.embedded.tomcat.TomcatWebServer - Tomcat started on port 18082 (http) with context path '/'
bancoxyz-bff-mobile  | 2026-10-02 22:28:00.169 [main] INFO  com.bancoxyz.bff.mobile.BffMobileApplication - Started BffMobileApplication in 25.17 seconds (process running for 25.964)
bancoxyz-bff-mobile  | 2026-10-02 22:28:00.737 [http-nio-18082-exec-1] INFO  o.a.c.c.C.[Tomcat-1].[localhost].[/] - Initializing Spring DispatcherServlet 'dispatcherServletRegistration'
bancoxyz-bff-mobile  | 2026-10-02 22:28:00.737 [http-nio-18082-exec-1] INFO  o.s.web.servlet.DispatcherServlet - Initializing Servlet 'dispatcherServletRegistration'
bancoxyz-bff-mobile  | 2026-10-02 22:28:00.737 [http-nio-18082-exec-1] INFO  o.s.web.servlet.DispatcherServlet - Completed initialization in 0 ms
bancoxyz-bff-mobile  | 2026-10-02 22:28:52.158 [https-jsse-nio-8082-exec-5] INFO  o.a.c.c.C.[Tomcat].[localhost].[/] - Initializing Spring DispatcherServlet 'dispatcherServlet'
bancoxyz-bff-mobile  | 2026-10-02 22:28:52.158 [https-jsse-nio-8082-exec-5] INFO  o.s.web.servlet.DispatcherServlet - Initializing Servlet 'dispatcherServlet'
bancoxyz-bff-mobile  | 2026-10-02 22:28:52.160 [https-jsse-nio-8082-exec-5] INFO  o.s.web.servlet.DispatcherServlet - Completed initialization in 2 ms
