=== Obteniendo un token valido (core-service aun arriba) ===
Consulta de control con core-service arriba:
HTTP 200 en 0.034815s -> {"cuentaId":101,"saldoActual":9255.0}
Circuito antes de la falla: {"state":"CLOSED","failureRate":"0.0%","bufferedCalls":10,"failedCalls":0,"notPermittedCalls":0}

=== Deteniendo core-service para forzar la apertura del circuit breaker ===
 Container bancoxyz-core-service Stopping 
 Container bancoxyz-core-service Stopped 

=== Llamadas repetidas a bff-web con core-service caido ===
(mientras el circuito esta CERRADO, cada peticion hace 3 intentos (Retry con backoff 300/600 ms)
 y cada intento espera a que la conexion falle: ~1s si el puerto rechaza la conexion (java -jar),
 o el connect-timeout de 5s si la IP ya no responde (contenedor detenido). El circuito ABRE cuando
 >=50% de las ultimas 10 llamadas fallaron; desde ahi el 503 es inmediato, sin tocar la red)
--- intento 1: HTTP 503 en 30.977014s -> "core-service no disponible en este momento, intente mas tarde."
--- intento 2: HTTP 503 en 18.333071s -> "core-service no disponible en este momento, intente mas tarde."
--- intento 3: HTTP 503 en 9.528022s -> "core-service no disponible en este momento, intente mas tarde."
--- intento 4: HTTP 503 en 0.024887s -> "core-service no disponible en este momento, intente mas tarde."
--- intento 5: HTTP 503 en 0.028296s -> "core-service no disponible en este momento, intente mas tarde."
--- intento 6: HTTP 503 en 0.026184s -> "core-service no disponible en este momento, intente mas tarde."
--- intento 7: HTTP 503 en 0.030393s -> "core-service no disponible en este momento, intente mas tarde."
--- intento 8: HTTP 503 en 0.020428s -> "core-service no disponible en este momento, intente mas tarde."
Circuito despues de las fallas: {"state":"OPEN","failureRate":"50.0%","bufferedCalls":10,"failedCalls":5,"notPermittedCalls":3}

=== Reintentos y transiciones registrados por Resilience4j en el log de bff-web ===
2026-10-02 22:29:18.899 [https-jsse-nio-8081-exec-7] WARN  c.bancoxyz.bff.web.config.ResilienciaConfig - Retry 'coreServiceLectura': intento 1 fallido (ResourceAccessException), reintentando en 300 ms
2026-10-02 22:29:29.216 [https-jsse-nio-8081-exec-7] WARN  c.bancoxyz.bff.web.config.ResilienciaConfig - Retry 'coreServiceLectura': intento 2 fallido (ResourceAccessException), reintentando en 600 ms
2026-10-02 22:29:39.835 [https-jsse-nio-8081-exec-7] WARN  c.bancoxyz.bff.web.config.ResilienciaConfig - Retry 'coreServiceLectura': agotados 3 intentos; se entrega el fallo al circuit breaker
2026-10-02 22:29:45.000 [https-jsse-nio-8081-exec-3] WARN  c.bancoxyz.bff.web.config.ResilienciaConfig - Retry 'coreServiceLectura': intento 1 fallido (ResourceAccessException), reintentando en 300 ms
2026-10-02 22:29:51.432 [https-jsse-nio-8081-exec-3] WARN  c.bancoxyz.bff.web.config.ResilienciaConfig - Retry 'coreServiceLectura': intento 2 fallido (ResourceAccessException), reintentando en 600 ms
2026-10-02 22:29:58.184 [https-jsse-nio-8081-exec-3] WARN  c.bancoxyz.bff.web.config.ResilienciaConfig - Retry 'coreServiceLectura': agotados 3 intentos; se entrega el fallo al circuit breaker
2026-10-02 22:30:04.360 [https-jsse-nio-8081-exec-7] WARN  c.bancoxyz.bff.web.config.ResilienciaConfig - Retry 'coreServiceLectura': intento 1 fallido (ResourceAccessException), reintentando en 300 ms
2026-10-02 22:30:07.803 [https-jsse-nio-8081-exec-7] WARN  c.bancoxyz.bff.web.config.ResilienciaConfig - CircuitBreaker 'coreService': State transition from CLOSED to OPEN

=== Recuperacion automatica: se vuelve a iniciar core-service ===
 Container bancoxyz-auth-server Waiting 
 Container bancoxyz-kafka Waiting 
 Container bancoxyz-config-server Waiting 
 Container bancoxyz-eureka-server Waiting 
 Container bancoxyz-eureka-server Healthy 
 Container bancoxyz-config-server Healthy 
 Container bancoxyz-kafka Healthy 
 Container bancoxyz-auth-server Healthy 
 Container bancoxyz-core-service Starting 
 Container bancoxyz-core-service Started 
core-service: healthy
Circuito ahora: {"state":"OPEN","failureRate":"50.0%","bufferedCalls":10,"failedCalls":5,"notPermittedCalls":3}
(cada 10s pasa solo a HALF_OPEN y deja pasar 3 llamadas de prueba: si fallan -porque la cache de
 Eureka de bff-web aun no ve a core-service- vuelve a OPEN; cuando tienen exito, se CIERRA)
Repitiendo la consulta hasta que bff-web vuelva a resolver core-service via Eureka...
Respuesta 200 tras 10 intento(s) (~20s).
HTTP 200 en 0.048217s -> {"cuentaId":101,"saldoActual":10000.0}
HTTP 200 en 0.052946s -> {"cuentaId":101,"saldoActual":10000.0}
HTTP 200 en 0.048289s -> {"cuentaId":101,"saldoActual":10000.0}
Circuito tras la recuperacion: {"state":"CLOSED","failureRate":"-1.0%","bufferedCalls":1,"failedCalls":0,"notPermittedCalls":0}
Transiciones del circuito durante toda la prueba (log de bff-web):
  2026-10-02 22:30:07.803 [https-jsse-nio-8081-exec-7] WARN  c.bancoxyz.bff.web.config.ResilienciaConfig - CircuitBreaker 'coreService': State transition from CLOSED to OPEN
  2026-10-02 22:30:17.805 [CircuitBreakerAutoTransitionThread] WARN  c.bancoxyz.bff.web.config.ResilienciaConfig - CircuitBreaker 'coreService': State transition from OPEN to HALF_OPEN
  2026-10-02 22:30:23.637 [https-jsse-nio-8081-exec-7] WARN  c.bancoxyz.bff.web.config.ResilienciaConfig - CircuitBreaker 'coreService': State transition from HALF_OPEN to OPEN
  2026-10-02 22:30:33.637 [CircuitBreakerAutoTransitionThread] WARN  c.bancoxyz.bff.web.config.ResilienciaConfig - CircuitBreaker 'coreService': State transition from OPEN to HALF_OPEN
  2026-10-02 22:30:34.009 [https-jsse-nio-8081-exec-5] WARN  c.bancoxyz.bff.web.config.ResilienciaConfig - CircuitBreaker 'coreService': State transition from HALF_OPEN to CLOSED

=== Restart policy de Docker (restart: unless-stopped): el proceso de core-service cae ===
Reinicios de core-service antes: 0
Eventos de Docker del contenedor durante la caida (die con exitCode 143 = SIGTERM, y start automatico):
  1790991037 evento=die exitCode=143
  1790991038 evento=start exitCode=
Reinicios de core-service despues: 1 | estado: running (healthy)

=== Fin de la prueba de tolerancia a fallos ===
